/home/openclaw/lifeos/qa-check.sh: line 51: [: 0
0: integer expression expected
/home/openclaw/lifeos/qa-check.sh: line 99: [: 0
0: integer expression expected
QA alert sent: \n- Architecture: Git repo broken or missing
QA alert sent: \n- No conversation log for today (2026-04-07)\n- Procedure: Bot promised more saves than executed (9 claimed, 3 done)\n- Architecture: Git repo broken or missing\n- Cannot reach git remote — backup is not updating
QA alert sent: \n- Procedure: Bot discussed BF% but never read Body Scans tab\n- Procedure: Bot promised more saves than executed (4 claimed, 3 done)\n- Architecture: Git repo broken or missing\n- Cannot reach git remote — backup is not updating\n- memory.md owned by root (should be openclaw) — bot cannot write\n- Bot claimed 1 log/save actions but made 0 tool calls
QA alert sent: \n- No conversation log for today (2026-04-09)\n- Cannot reach git remote — backup is not updating
QA alert sent: \n- No conversation log for today (2026-04-10)\n- Cannot reach git remote — backup is not updating\n- memory.md owned by root (should be openclaw) — bot cannot write
QA alert sent: \n- No training logged for yesterday (2026-04-10, Friday)\n- Procedure: Bot discussed BF% but never read Body Scans tab\n- Cannot reach git remote — backup is not updating\n- memory.md owned by root (should be openclaw) — bot cannot write\n- Bot claimed 1 log/save actions but made 0 tool calls
QA alert sent: \n- No conversation log for today (2026-04-12)
/home/openclaw/lifeos/qa-check.sh: line 258: [: 0
0: integer expression expected
QA Check (2026-04-13): all clear
/home/openclaw/lifeos/qa-check.sh: line 193: [: 0
0: integer expression expected
/home/openclaw/lifeos/qa-check.sh: line 258: [: 0
0: integer expression expected
QA Check (2026-04-14) — 2 issue(s):
- No training logged for 2026-04-13
- Root-owned files found: /home/openclaw/lifeos/decisions.log /home/openclaw/lifeos/architecture.md /home/openclaw/lifeos/daily-audit-template.md /home/openclaw/lifeos/v2/router.py /home/openclaw/lifeos/v2/handlers/dates.py
QA Check (2026-04-15) — 1 issue(s):
- No training logged for 2026-04-14
QA Check (2026-04-16) — 1 issue(s):
- No training logged for 2026-04-15
QA Check (2026-04-17) — 1 issue(s):
- No training logged for 2026-04-16
QA Check (2026-04-18) — 1 issue(s):
- No training logged for 2026-04-17
QA Check (2026-04-19) — 1 issue(s):
- No training logged for 2026-04-18
QA Check (2026-04-20): all clear
QA Check (2026-04-21) — 1 issue(s):
- No training logged for 2026-04-20
QA Check (2026-04-22) — 1 issue(s):
- No training logged for 2026-04-21
QA Check (2026-04-23) — 1 issue(s):
- No training logged for 2026-04-22
QA Check (2026-04-24) — 1 issue(s):
- No training logged for 2026-04-23
QA Check (2026-04-25) — 1 issue(s):
- No training logged for 2026-04-24
QA Check (2026-04-26) — 1 issue(s):
- No training logged for 2026-04-25
QA Check (2026-04-27): all clear
QA Check (2026-04-28) — 1 issue(s):
- No training logged for 2026-04-27
QA Check (2026-04-29) — 1 issue(s):
- No training logged for 2026-04-28
QA Check (2026-04-30) — 1 issue(s):
- No training logged for 2026-04-29
QA Check (2026-05-01) — 1 issue(s):
- No training logged for 2026-04-30
QA Check (2026-05-02) — 2 issue(s):
- No training logged for 2026-05-01
- No nutrition logged for 2026-05-01
QA Check (2026-05-03) — 1 issue(s):
- No training logged for 2026-05-02
QA Check (2026-05-04) — 1 issue(s):
- Recovery rows exist but sleep_hours+steps are NULL for 3+ recent days — Fitbit device may be offline / not syncing
QA Check (2026-05-05) — 2 issue(s):
- No training logged for 2026-05-04
- Recovery rows exist but sleep_hours+steps are NULL for 3+ recent days — Fitbit device may be offline / not syncing
QA Check (2026-05-08) — 2 issue(s):
- No training logged for 2026-05-07
- Recovery rows exist but sleep_hours+steps are NULL for 3+ recent days — Fitbit device may be offline / not syncing
QA Check (2026-05-11) — 1 issue(s):
- Recovery rows exist but sleep_hours+steps are NULL for 3+ recent days — Fitbit device may be offline / not syncing
QA Check (2026-05-12) — 2 issue(s):
- No training logged for 2026-05-11
- Recovery rows exist but sleep_hours+steps are NULL for 3+ recent days — Fitbit device may be offline / not syncing
QA Check (2026-05-15) — 2 issue(s):
- No training logged for 2026-05-14
- Recovery rows exist but sleep_hours+steps are NULL for 3+ recent days — Fitbit device may be offline / not syncing
QA Check (2026-05-17) — 3 issue(s):
- No training logged for 2026-05-16
- No nutrition logged for 2026-05-16
- Recovery rows exist but sleep_hours+steps are NULL for 3+ recent days — Fitbit device may be offline / not syncing
QA Check (2026-05-18) — 2 issue(s):
- No nutrition logged for 2026-05-17
- Recovery rows exist but sleep_hours+steps are NULL for 3+ recent days — Fitbit device may be offline / not syncing
QA Check (2026-05-19) — 3 issue(s):
- No training logged for 2026-05-18
- No weight logged in the last 3 days
- Recovery rows exist but sleep_hours+steps are NULL for 3+ recent days — Fitbit device may be offline / not syncing
QA Check (2026-05-21) — 3 issue(s):
- No training logged for 2026-05-20
- No weight logged in the last 3 days
- Recovery rows exist but sleep_hours+steps are NULL for 3+ recent days — Fitbit device may be offline / not syncing
QA Check (2026-05-22) — 2 issue(s):
- No training logged for 2026-05-21
- Recovery rows exist but sleep_hours+steps are NULL for 3+ recent days — Fitbit device may be offline / not syncing
QA Check (2026-05-23) — 2 issue(s):
- No training logged for 2026-05-22
- Recovery rows exist but sleep_hours+steps are NULL for 3+ recent days — Fitbit device may be offline / not syncing
QA Check (2026-05-25) — 1 issue(s):
- Recovery rows exist but sleep_hours+steps are NULL for 3+ recent days — Fitbit device may be offline / not syncing
QA Check (2026-05-26) — 2 issue(s):
- No training logged for 2026-05-25
- Recovery rows exist but sleep_hours+steps are NULL for 3+ recent days — Fitbit device may be offline / not syncing
QA Check (2026-05-27) — 2 issue(s):
- No training logged for 2026-05-26
- Recovery rows exist but sleep_hours+steps are NULL for 3+ recent days — Fitbit device may be offline / not syncing
QA Check (2026-05-28) — 2 issue(s):
- No training logged for 2026-05-27
- Recovery rows exist but sleep_hours+steps are NULL for 3+ recent days — Fitbit device may be offline / not syncing
QA Check (2026-05-31) — 4 issue(s):
- No training logged for 2026-05-30
- No nutrition logged for 2026-05-30
- No weight logged in the last 3 days
- Recovery rows exist but sleep_hours+steps are NULL for 3+ recent days — Fitbit device may be offline / not syncing
QA Check (2026-06-01) — 2 issue(s):
- No weight logged in the last 3 days
- Recovery rows exist but sleep_hours+steps are NULL for 3+ recent days — Fitbit device may be offline / not syncing
QA Check (2026-06-02) — 3 issue(s):
- No training logged for 2026-06-01
- No weight logged in the last 3 days
- Recovery rows exist but sleep_hours+steps are NULL for 3+ recent days — Fitbit device may be offline / not syncing
QA Check (2026-06-03) — 2 issue(s):
- No training logged for 2026-06-02
- Recovery rows exist but sleep_hours+steps are NULL for 3+ recent days — Fitbit device may be offline / not syncing
QA Check (2026-06-04) — 2 issue(s):
- No training logged for 2026-06-03
- Recovery rows exist but sleep_hours+steps are NULL for 3+ recent days — Fitbit device may be offline / not syncing
