2026-04-18 10:00:01,732 INFO === Fitbit sync (v2/SQLite) starting for 2026-04-17 ===
2026-04-18 10:00:01,732 INFO Pulling body metrics for 2026-04-17
2026-04-18 10:00:02,349 INFO Body metrics written: {'action': 'log_weight', 'date': '2026-04-17', 'weight_lbs': 173.1, 'weight_kg': 78.5, 'bmi': 26.69}
2026-04-18 10:00:02,349 INFO Pulling sleep data for 2026-04-17
2026-04-18 10:00:03,158 INFO Pulling activity data for 2026-04-17
2026-04-18 10:00:03,291 INFO Refreshing access token...
2026-04-18 10:00:03,586 INFO Token refreshed successfully.
2026-04-18 10:00:06,080 INFO Recovery written: {'action': 'log_recovery', 'date': '2026-04-17', 'source': 'FITBIT'}
2026-04-18 10:00:06,080 INFO Pulling nutrition data for 2026-04-17
2026-04-18 10:00:07,663 INFO Nutrition written: {'action': 'log_nutrition', 'date': '2026-04-17', 'calories': 2163.0, 'protein_g': 228.0}
2026-04-18 10:00:07,663 INFO === Fitbit sync (v2/SQLite) complete ===
2026-04-18 10:00:07,663 INFO === Fitbit sync (v2/SQLite) starting for 2026-04-18 ===
2026-04-18 10:00:07,664 INFO Pulling body metrics for 2026-04-18
2026-04-18 10:00:08,066 INFO Body metrics written: {'action': 'log_weight', 'date': '2026-04-18', 'weight_lbs': 174.4, 'weight_kg': 79.1, 'bmi': 26.89}
2026-04-18 10:00:08,066 INFO Pulling sleep data for 2026-04-18
2026-04-18 10:00:08,394 INFO No sleep data for 2026-04-18
2026-04-18 10:00:08,395 INFO Pulling activity data for 2026-04-18
2026-04-18 10:00:11,198 INFO Recovery written: {'action': 'log_recovery', 'date': '2026-04-18', 'source': 'FITBIT'}
2026-04-18 10:00:11,198 INFO Pulling nutrition data for 2026-04-18
2026-04-18 10:00:11,643 INFO Nutrition written: {'action': 'log_nutrition', 'date': '2026-04-18', 'calories': 1225.0, 'protein_g': 155.0}
2026-04-18 10:00:11,644 INFO === Fitbit sync (v2/SQLite) complete ===
2026-04-19 10:00:02,796 INFO === Fitbit sync (v2/SQLite) starting for 2026-04-18 ===
2026-04-19 10:00:02,796 INFO Pulling body metrics for 2026-04-18
2026-04-19 10:00:03,232 INFO Refreshing access token...
2026-04-19 10:00:03,519 INFO Token refreshed successfully.
2026-04-19 10:00:03,798 INFO Body metrics written: {'action': 'log_weight', 'date': '2026-04-18', 'weight_lbs': 174.4, 'weight_kg': 79.1, 'bmi': 26.89}
2026-04-19 10:00:03,799 INFO Pulling sleep data for 2026-04-18
2026-04-19 10:00:04,025 INFO Refreshing access token...
2026-04-19 10:00:04,285 INFO Token refreshed successfully.
2026-04-19 10:00:04,853 INFO No sleep data for 2026-04-18
2026-04-19 10:00:04,853 INFO Pulling activity data for 2026-04-18
2026-04-19 10:00:04,950 INFO Refreshing access token...
2026-04-19 10:00:05,140 INFO Token refreshed successfully.
2026-04-19 10:00:07,172 INFO Refreshing access token...
2026-04-19 10:00:07,355 INFO Token refreshed successfully.
2026-04-19 10:00:07,735 INFO Recovery written: {'action': 'log_recovery', 'date': '2026-04-18', 'source': 'FITBIT'}
2026-04-19 10:00:07,735 INFO Pulling nutrition data for 2026-04-18
2026-04-19 10:00:07,863 INFO Refreshing access token...
2026-04-19 10:00:08,057 INFO Token refreshed successfully.
2026-04-19 10:00:08,357 INFO Nutrition written: {'action': 'log_nutrition', 'date': '2026-04-18', 'calories': 2474.0, 'protein_g': 187.0}
2026-04-19 10:00:08,357 INFO === Fitbit sync (v2/SQLite) complete ===
2026-04-19 10:00:08,357 INFO === Fitbit sync (v2/SQLite) starting for 2026-04-19 ===
2026-04-19 10:00:08,357 INFO Pulling body metrics for 2026-04-19
2026-04-19 10:00:08,467 INFO Refreshing access token...
2026-04-19 10:00:08,663 INFO Token refreshed successfully.
2026-04-19 10:00:09,347 INFO No weight data for 2026-04-19
2026-04-19 10:00:09,347 INFO Pulling sleep data for 2026-04-19
2026-04-19 10:00:09,444 INFO Refreshing access token...
2026-04-19 10:00:09,637 INFO Token refreshed successfully.
2026-04-19 10:00:10,044 INFO No sleep data for 2026-04-19
2026-04-19 10:00:10,044 INFO Pulling activity data for 2026-04-19
2026-04-19 10:00:10,155 INFO Refreshing access token...
2026-04-19 10:00:10,353 INFO Token refreshed successfully.
2026-04-19 10:00:12,111 INFO Refreshing access token...
2026-04-19 10:00:12,306 INFO Token refreshed successfully.
2026-04-19 10:00:13,243 INFO Recovery written: {'action': 'log_recovery', 'date': '2026-04-19', 'source': 'FITBIT'}
2026-04-19 10:00:13,243 INFO Pulling nutrition data for 2026-04-19
2026-04-19 10:00:13,361 INFO Refreshing access token...
2026-04-19 10:00:18,151 INFO Token refreshed successfully.
2026-04-19 10:00:18,444 INFO Nutrition written: {'action': 'log_nutrition', 'date': '2026-04-19', 'calories': 752.0, 'protein_g': 138.0}
2026-04-19 10:00:18,445 INFO === Fitbit sync (v2/SQLite) complete ===
2026-04-20 10:00:01,900 INFO === Fitbit sync (v2/SQLite) starting for 2026-04-19 ===
2026-04-20 10:00:01,900 INFO Pulling body metrics for 2026-04-19
2026-04-20 10:00:02,272 INFO Refreshing access token...
2026-04-20 10:00:02,539 INFO Token refreshed successfully.
2026-04-20 10:00:03,247 INFO Body metrics written: {'action': 'log_weight', 'date': '2026-04-19', 'weight_lbs': 175.9, 'weight_kg': 79.8, 'bmi': 27.12}
2026-04-20 10:00:03,248 INFO Pulling sleep data for 2026-04-19
2026-04-20 10:00:03,347 INFO Refreshing access token...
2026-04-20 10:00:03,549 INFO Token refreshed successfully.
2026-04-20 10:00:04,102 INFO No sleep data for 2026-04-19
2026-04-20 10:00:04,102 INFO Pulling activity data for 2026-04-19
2026-04-20 10:00:04,228 INFO Refreshing access token...
2026-04-20 10:00:04,414 INFO Token refreshed successfully.
2026-04-20 10:00:05,465 INFO Refreshing access token...
2026-04-20 10:00:05,660 INFO Token refreshed successfully.
2026-04-20 10:00:08,345 INFO Recovery written: {'action': 'log_recovery', 'date': '2026-04-19', 'source': 'FITBIT'}
2026-04-20 10:00:08,345 INFO Pulling nutrition data for 2026-04-19
2026-04-20 10:00:08,449 INFO Refreshing access token...
2026-04-20 10:00:08,715 INFO Token refreshed successfully.
2026-04-20 10:00:12,085 INFO Nutrition written: {'action': 'log_nutrition', 'date': '2026-04-19', 'calories': 1474.0, 'protein_g': 42.0}
2026-04-20 10:00:12,085 INFO === Fitbit sync (v2/SQLite) complete ===
2026-04-20 10:00:12,086 INFO === Fitbit sync (v2/SQLite) starting for 2026-04-20 ===
2026-04-20 10:00:12,086 INFO Pulling body metrics for 2026-04-20
2026-04-20 10:00:12,213 INFO Refreshing access token...
2026-04-20 10:00:12,511 INFO Token refreshed successfully.
2026-04-20 10:00:13,257 INFO Body metrics written: {'action': 'log_weight', 'date': '2026-04-20', 'weight_lbs': 176.4, 'weight_kg': 80.0, 'bmi': 27.2}
2026-04-20 10:00:13,258 INFO Pulling sleep data for 2026-04-20
2026-04-20 10:00:13,392 INFO Refreshing access token...
2026-04-20 10:00:13,589 INFO Token refreshed successfully.
2026-04-20 10:00:14,144 INFO No sleep data for 2026-04-20
2026-04-20 10:00:14,144 INFO Pulling activity data for 2026-04-20
2026-04-20 10:00:14,305 INFO Refreshing access token...
2026-04-20 10:00:14,482 INFO Token refreshed successfully.
2026-04-20 10:00:15,220 INFO Refreshing access token...
2026-04-20 10:00:15,399 INFO Token refreshed successfully.
2026-04-20 10:00:15,746 INFO Recovery written: {'action': 'log_recovery', 'date': '2026-04-20', 'source': 'FITBIT'}
2026-04-20 10:00:15,746 INFO Pulling nutrition data for 2026-04-20
2026-04-20 10:00:15,853 INFO Refreshing access token...
2026-04-20 10:00:16,057 INFO Token refreshed successfully.
2026-04-20 10:00:16,289 INFO No nutrition data for 2026-04-20
2026-04-20 10:00:16,289 INFO === Fitbit sync (v2/SQLite) complete ===
2026-04-21 10:00:01,686 INFO === Fitbit sync (v2/SQLite) starting for 2026-04-20 ===
2026-04-21 10:00:01,686 INFO Pulling body metrics for 2026-04-20
2026-04-21 10:00:02,424 INFO Refreshing access token...
2026-04-21 10:00:04,010 INFO Token refreshed successfully.
2026-04-21 10:00:04,384 INFO Body metrics written: {'action': 'log_weight', 'date': '2026-04-20', 'weight_lbs': 174.8, 'weight_kg': 79.3, 'bmi': 26.95}
2026-04-21 10:00:04,384 INFO Pulling sleep data for 2026-04-20
2026-04-21 10:00:04,539 INFO Refreshing access token...
2026-04-21 10:00:04,735 INFO Token refreshed successfully.
2026-04-21 10:00:05,463 INFO No sleep data for 2026-04-20
2026-04-21 10:00:05,463 INFO Pulling activity data for 2026-04-20
2026-04-21 10:00:05,582 INFO Refreshing access token...
2026-04-21 10:00:05,774 INFO Token refreshed successfully.
2026-04-21 10:00:07,592 INFO Refreshing access token...
2026-04-21 10:00:07,923 INFO Token refreshed successfully.
2026-04-21 10:00:08,482 INFO Recovery written: {'action': 'log_recovery', 'date': '2026-04-20', 'source': 'FITBIT'}
2026-04-21 10:00:08,482 INFO Pulling nutrition data for 2026-04-20
2026-04-21 10:00:08,589 INFO Refreshing access token...
2026-04-21 10:00:08,780 INFO Token refreshed successfully.
2026-04-21 10:00:09,308 INFO Nutrition written: {'action': 'log_nutrition', 'date': '2026-04-20', 'calories': 2825.0, 'protein_g': 146.0}
2026-04-21 10:00:09,309 INFO === Fitbit sync (v2/SQLite) complete ===
2026-04-21 10:00:09,309 INFO === Fitbit sync (v2/SQLite) starting for 2026-04-21 ===
2026-04-21 10:00:09,309 INFO Pulling body metrics for 2026-04-21
2026-04-21 10:00:09,411 INFO Refreshing access token...
2026-04-21 10:00:09,624 INFO Token refreshed successfully.
2026-04-21 10:00:09,831 ERROR Body metrics pull failed: HTTP Error 500: Internal Server Error
2026-04-21 10:00:09,832 INFO Pulling sleep data for 2026-04-21
2026-04-21 10:00:09,955 INFO Refreshing access token...
2026-04-21 10:00:10,147 INFO Token refreshed successfully.
2026-04-21 10:00:10,576 INFO No sleep data for 2026-04-21
2026-04-21 10:00:10,576 INFO Pulling activity data for 2026-04-21
2026-04-21 10:00:10,707 INFO Refreshing access token...
2026-04-21 10:00:10,888 INFO Token refreshed successfully.
2026-04-21 10:00:11,574 INFO Refreshing access token...
2026-04-21 10:00:11,804 INFO Token refreshed successfully.
2026-04-21 10:00:12,079 INFO Recovery written: {'action': 'log_recovery', 'date': '2026-04-21', 'source': 'FITBIT'}
2026-04-21 10:00:12,079 INFO Pulling nutrition data for 2026-04-21
2026-04-21 10:00:12,187 INFO Refreshing access token...
2026-04-21 10:00:12,388 INFO Token refreshed successfully.
2026-04-21 10:00:12,630 INFO Nutrition written: {'action': 'log_nutrition', 'date': '2026-04-21', 'calories': 400.0, 'protein_g': 3.0}
2026-04-21 10:00:12,630 INFO === Fitbit sync (v2/SQLite) complete ===
2026-04-22 10:00:02,697 INFO === Fitbit sync (v2/SQLite) starting for 2026-04-21 ===
2026-04-22 10:00:02,700 INFO Pulling body metrics for 2026-04-21
2026-04-22 10:00:03,167 INFO Refreshing access token...
2026-04-22 10:00:03,458 INFO Token refreshed successfully.
2026-04-22 10:00:07,704 INFO Body metrics written: {'action': 'log_weight', 'date': '2026-04-21', 'weight_lbs': 173.5, 'weight_kg': 78.7, 'bmi': 26.75}
2026-04-22 10:00:07,705 INFO Pulling sleep data for 2026-04-21
2026-04-22 10:00:07,811 INFO Refreshing access token...
2026-04-22 10:00:08,079 INFO Token refreshed successfully.
2026-04-22 10:00:08,583 INFO No sleep data for 2026-04-21
2026-04-22 10:00:08,584 INFO Pulling activity data for 2026-04-21
2026-04-22 10:00:08,680 INFO Refreshing access token...
2026-04-22 10:00:08,881 INFO Token refreshed successfully.
2026-04-22 10:00:09,740 INFO Refreshing access token...
2026-04-22 10:00:09,993 INFO Token refreshed successfully.
2026-04-22 10:00:10,583 INFO Recovery written: {'action': 'log_recovery', 'date': '2026-04-21', 'source': 'FITBIT'}
2026-04-22 10:00:10,583 INFO Pulling nutrition data for 2026-04-21
2026-04-22 10:00:10,686 INFO Refreshing access token...
2026-04-22 10:00:10,864 INFO Token refreshed successfully.
2026-04-22 10:00:11,254 INFO Nutrition written: {'action': 'log_nutrition', 'date': '2026-04-21', 'calories': 730.0, 'protein_g': 48.0}
2026-04-22 10:00:11,254 INFO === Fitbit sync (v2/SQLite) complete ===
2026-04-22 10:00:11,255 INFO === Fitbit sync (v2/SQLite) starting for 2026-04-22 ===
2026-04-22 10:00:11,255 INFO Pulling body metrics for 2026-04-22
2026-04-22 10:00:11,361 INFO Refreshing access token...
2026-04-22 10:00:11,556 INFO Token refreshed successfully.
2026-04-22 10:00:12,397 INFO No weight data for 2026-04-22
2026-04-22 10:00:12,398 INFO Pulling sleep data for 2026-04-22
2026-04-22 10:00:12,532 INFO Refreshing access token...
2026-04-22 10:00:12,709 INFO Token refreshed successfully.
2026-04-22 10:00:13,063 INFO No sleep data for 2026-04-22
2026-04-22 10:00:13,063 INFO Pulling activity data for 2026-04-22
2026-04-22 10:00:13,181 INFO Refreshing access token...
2026-04-22 10:00:13,371 INFO Token refreshed successfully.
2026-04-22 10:00:14,130 INFO Refreshing access token...
2026-04-22 10:00:14,306 INFO Token refreshed successfully.
2026-04-22 10:00:14,619 INFO Recovery written: {'action': 'log_recovery', 'date': '2026-04-22', 'source': 'FITBIT'}
2026-04-22 10:00:14,620 INFO Pulling nutrition data for 2026-04-22
2026-04-22 10:00:14,739 INFO Refreshing access token...
2026-04-22 10:00:14,959 INFO Token refreshed successfully.
2026-04-22 10:00:15,201 INFO No nutrition data for 2026-04-22
2026-04-22 10:00:15,201 INFO === Fitbit sync (v2/SQLite) complete ===
2026-04-23 10:00:02,434 INFO === Fitbit sync (v2/SQLite) starting for 2026-04-22 ===
2026-04-23 10:00:02,436 INFO Pulling body metrics for 2026-04-22
2026-04-23 10:00:02,827 INFO Refreshing access token...
2026-04-23 10:00:03,123 INFO Token refreshed successfully.
2026-04-23 10:00:03,770 INFO Body metrics written: {'action': 'log_weight', 'date': '2026-04-22', 'weight_lbs': 174.4, 'weight_kg': 79.1, 'bmi': 26.89}
2026-04-23 10:00:03,770 INFO Pulling sleep data for 2026-04-22
2026-04-23 10:00:03,879 INFO Refreshing access token...
2026-04-23 10:00:04,153 INFO Token refreshed successfully.
2026-04-23 10:00:04,706 INFO No sleep data for 2026-04-22
2026-04-23 10:00:04,706 INFO Pulling activity data for 2026-04-22
2026-04-23 10:00:04,823 INFO Refreshing access token...
2026-04-23 10:00:06,453 INFO Token refreshed successfully.
2026-04-23 10:00:07,976 INFO Refreshing access token...
2026-04-23 10:00:08,163 INFO Token refreshed successfully.
2026-04-23 10:00:09,048 INFO Recovery written: {'action': 'log_recovery', 'date': '2026-04-22', 'source': 'FITBIT'}
2026-04-23 10:00:09,049 INFO Pulling nutrition data for 2026-04-22
2026-04-23 10:00:09,161 INFO Refreshing access token...
2026-04-23 10:00:09,403 INFO Token refreshed successfully.
2026-04-23 10:00:09,844 INFO Nutrition written: {'action': 'log_nutrition', 'date': '2026-04-22', 'calories': 1984.0, 'protein_g': 116.0}
2026-04-23 10:00:09,845 INFO === Fitbit sync (v2/SQLite) complete ===
2026-04-23 10:00:09,845 INFO === Fitbit sync (v2/SQLite) starting for 2026-04-23 ===
2026-04-23 10:00:09,845 INFO Pulling body metrics for 2026-04-23
2026-04-23 10:00:09,954 INFO Refreshing access token...
2026-04-23 10:00:10,134 INFO Token refreshed successfully.
2026-04-23 10:00:11,327 INFO No weight data for 2026-04-23
2026-04-23 10:00:11,327 INFO Pulling sleep data for 2026-04-23
2026-04-23 10:00:11,451 INFO Refreshing access token...
2026-04-23 10:00:11,670 INFO Token refreshed successfully.
2026-04-23 10:00:12,135 INFO No sleep data for 2026-04-23
2026-04-23 10:00:12,135 INFO Pulling activity data for 2026-04-23
2026-04-23 10:00:12,275 INFO Refreshing access token...
2026-04-23 10:00:12,483 INFO Token refreshed successfully.
2026-04-23 10:00:13,177 INFO Refreshing access token...
2026-04-23 10:00:13,352 INFO Token refreshed successfully.
2026-04-23 10:00:13,658 INFO Recovery written: {'action': 'log_recovery', 'date': '2026-04-23', 'source': 'FITBIT'}
2026-04-23 10:00:13,658 INFO Pulling nutrition data for 2026-04-23
2026-04-23 10:00:13,760 INFO Refreshing access token...
2026-04-23 10:00:13,938 INFO Token refreshed successfully.
2026-04-23 10:00:14,201 INFO No nutrition data for 2026-04-23
2026-04-23 10:00:14,201 INFO === Fitbit sync (v2/SQLite) complete ===
2026-04-24 10:00:02,591 INFO === Fitbit sync (v2/SQLite) starting for 2026-04-23 ===
2026-04-24 10:00:02,596 INFO Pulling body metrics for 2026-04-23
2026-04-24 10:00:03,047 INFO Refreshing access token...
2026-04-24 10:00:03,437 INFO Token refreshed successfully.
2026-04-24 10:00:03,831 INFO No weight data for 2026-04-23
2026-04-24 10:00:03,831 INFO Pulling sleep data for 2026-04-23
2026-04-24 10:00:03,942 INFO Refreshing access token...
2026-04-24 10:00:04,091 INFO Token refreshed successfully.
2026-04-24 10:00:04,583 INFO No sleep data for 2026-04-23
2026-04-24 10:00:04,583 INFO Pulling activity data for 2026-04-23
2026-04-24 10:00:04,708 INFO Refreshing access token...
2026-04-24 10:00:04,856 INFO Token refreshed successfully.
2026-04-24 10:00:06,888 INFO Refreshing access token...
2026-04-24 10:00:07,077 INFO Token refreshed successfully.
2026-04-24 10:00:07,949 INFO Recovery written: {'action': 'log_recovery', 'date': '2026-04-23', 'source': 'FITBIT'}
2026-04-24 10:00:07,949 INFO Pulling nutrition data for 2026-04-23
2026-04-24 10:00:08,073 INFO Refreshing access token...
2026-04-24 10:00:08,241 INFO Token refreshed successfully.
2026-04-24 10:00:09,876 INFO Nutrition written: {'action': 'log_nutrition', 'date': '2026-04-23', 'calories': 1340.0, 'protein_g': 39.0}
2026-04-24 10:00:09,877 INFO === Fitbit sync (v2/SQLite) complete ===
2026-04-24 10:00:09,877 INFO === Fitbit sync (v2/SQLite) starting for 2026-04-24 ===
2026-04-24 10:00:09,877 INFO Pulling body metrics for 2026-04-24
2026-04-24 10:00:09,987 INFO Refreshing access token...
2026-04-24 10:00:10,144 INFO Token refreshed successfully.
2026-04-24 10:00:10,605 INFO Body metrics written: {'action': 'log_weight', 'date': '2026-04-24', 'weight_lbs': 176.6, 'weight_kg': 80.1, 'bmi': 27.23}
2026-04-24 10:00:10,606 INFO Pulling sleep data for 2026-04-24
2026-04-24 10:00:10,710 INFO Refreshing access token...
2026-04-24 10:00:10,938 INFO Token refreshed successfully.
2026-04-24 10:00:11,309 INFO No sleep data for 2026-04-24
2026-04-24 10:00:11,310 INFO Pulling activity data for 2026-04-24
2026-04-24 10:00:11,430 INFO Refreshing access token...
2026-04-24 10:00:11,577 INFO Token refreshed successfully.
2026-04-24 10:00:16,221 INFO Refreshing access token...
2026-04-24 10:00:16,379 INFO Token refreshed successfully.
2026-04-24 10:00:17,944 INFO Recovery written: {'action': 'log_recovery', 'date': '2026-04-24', 'source': 'FITBIT'}
2026-04-24 10:00:17,944 INFO Pulling nutrition data for 2026-04-24
2026-04-24 10:00:22,131 INFO Refreshing access token...
2026-04-24 10:00:22,290 INFO Token refreshed successfully.
2026-04-24 10:00:22,501 INFO No nutrition data for 2026-04-24
2026-04-24 10:00:22,501 INFO === Fitbit sync (v2/SQLite) complete ===
2026-04-25 10:00:02,413 INFO === Fitbit sync (v2/SQLite) starting for 2026-04-24 ===
2026-04-25 10:00:02,415 INFO Pulling body metrics for 2026-04-24
2026-04-25 10:00:02,855 INFO Refreshing access token...
2026-04-25 10:00:03,355 INFO Token refreshed successfully.
2026-04-25 10:00:03,910 INFO Body metrics written: {'action': 'log_weight', 'date': '2026-04-24', 'weight_lbs': 176.6, 'weight_kg': 80.1, 'bmi': 27.23}
2026-04-25 10:00:03,910 INFO Pulling sleep data for 2026-04-24
2026-04-25 10:00:04,046 INFO Refreshing access token...
2026-04-25 10:00:04,258 INFO Token refreshed successfully.
2026-04-25 10:00:04,886 INFO No sleep data for 2026-04-24
2026-04-25 10:00:04,887 INFO Pulling activity data for 2026-04-24
2026-04-25 10:00:04,989 INFO Refreshing access token...
2026-04-25 10:00:05,145 INFO Token refreshed successfully.
2026-04-25 10:00:06,988 INFO Refreshing access token...
2026-04-25 10:00:07,141 INFO Token refreshed successfully.
2026-04-25 10:00:07,254 WARNING Could not fetch HR data: HTTP Error 500: Internal Server Error
2026-04-25 10:00:07,275 INFO Recovery written: {'action': 'log_recovery', 'date': '2026-04-24', 'source': 'FITBIT'}
2026-04-25 10:00:07,275 INFO Pulling nutrition data for 2026-04-24
2026-04-25 10:00:07,376 INFO Refreshing access token...
2026-04-25 10:00:07,533 INFO Token refreshed successfully.
2026-04-25 10:00:08,682 INFO Nutrition written: {'action': 'log_nutrition', 'date': '2026-04-24', 'calories': 2079.0, 'protein_g': 138.0}
2026-04-25 10:00:08,682 INFO === Fitbit sync (v2/SQLite) complete ===
2026-04-25 10:00:08,682 INFO === Fitbit sync (v2/SQLite) starting for 2026-04-25 ===
2026-04-25 10:00:08,683 INFO Pulling body metrics for 2026-04-25
2026-04-25 10:00:08,786 INFO Refreshing access token...
2026-04-25 10:00:08,935 INFO Token refreshed successfully.
2026-04-25 10:00:09,295 INFO Body metrics written: {'action': 'log_weight', 'date': '2026-04-25', 'weight_lbs': 177.5, 'weight_kg': 80.5, 'bmi': 27.37}
2026-04-25 10:00:09,295 INFO Pulling sleep data for 2026-04-25
2026-04-25 10:00:09,392 INFO Refreshing access token...
2026-04-25 10:00:09,540 INFO Token refreshed successfully.
2026-04-25 10:00:10,199 INFO No sleep data for 2026-04-25
2026-04-25 10:00:10,199 INFO Pulling activity data for 2026-04-25
2026-04-25 10:00:10,302 INFO Refreshing access token...
2026-04-25 10:00:10,449 INFO Token refreshed successfully.
2026-04-25 10:00:11,475 INFO Refreshing access token...
2026-04-25 10:00:11,661 INFO Token refreshed successfully.
2026-04-25 10:00:13,660 INFO Recovery written: {'action': 'log_recovery', 'date': '2026-04-25', 'source': 'FITBIT'}
2026-04-25 10:00:13,660 INFO Pulling nutrition data for 2026-04-25
2026-04-25 10:00:13,765 INFO Refreshing access token...
2026-04-25 10:00:13,921 INFO Token refreshed successfully.
2026-04-25 10:00:14,200 INFO No nutrition data for 2026-04-25
2026-04-25 10:00:14,200 INFO === Fitbit sync (v2/SQLite) complete ===
2026-04-26 10:00:02,163 INFO === Fitbit sync (v2/SQLite) starting for 2026-04-25 ===
2026-04-26 10:00:02,169 INFO Pulling body metrics for 2026-04-25
2026-04-26 10:00:02,829 INFO Refreshing access token...
2026-04-26 10:00:03,087 INFO Token refreshed successfully.
2026-04-26 10:00:03,655 INFO Body metrics written: {'action': 'log_weight', 'date': '2026-04-25', 'weight_lbs': 177.5, 'weight_kg': 80.5, 'bmi': 27.37}
2026-04-26 10:00:03,656 INFO Pulling sleep data for 2026-04-25
2026-04-26 10:00:03,754 INFO Refreshing access token...
2026-04-26 10:00:03,914 INFO Token refreshed successfully.
2026-04-26 10:00:04,718 INFO No sleep data for 2026-04-25
2026-04-26 10:00:04,718 INFO Pulling activity data for 2026-04-25
2026-04-26 10:00:04,872 INFO Refreshing access token...
2026-04-26 10:00:05,023 INFO Token refreshed successfully.
2026-04-26 10:00:05,731 INFO Refreshing access token...
2026-04-26 10:00:05,929 INFO Token refreshed successfully.
2026-04-26 10:00:06,973 INFO Recovery written: {'action': 'log_recovery', 'date': '2026-04-25', 'source': 'FITBIT'}
2026-04-26 10:00:06,974 INFO Pulling nutrition data for 2026-04-25
2026-04-26 10:00:07,091 INFO Refreshing access token...
2026-04-26 10:00:07,260 INFO Token refreshed successfully.
2026-04-26 10:00:09,095 INFO Nutrition written: {'action': 'log_nutrition', 'date': '2026-04-25', 'calories': 797.0, 'protein_g': 12.0}
2026-04-26 10:00:09,096 INFO === Fitbit sync (v2/SQLite) complete ===
2026-04-26 10:00:09,096 INFO === Fitbit sync (v2/SQLite) starting for 2026-04-26 ===
2026-04-26 10:00:09,096 INFO Pulling body metrics for 2026-04-26
2026-04-26 10:00:09,207 INFO Refreshing access token...
2026-04-26 10:00:09,377 INFO Token refreshed successfully.
2026-04-26 10:00:09,826 INFO Body metrics written: {'action': 'log_weight', 'date': '2026-04-26', 'weight_lbs': 175.3, 'weight_kg': 79.5, 'bmi': 27.03}
2026-04-26 10:00:09,826 INFO Pulling sleep data for 2026-04-26
2026-04-26 10:00:09,942 INFO Refreshing access token...
2026-04-26 10:00:10,115 INFO Token refreshed successfully.
2026-04-26 10:00:10,532 INFO No sleep data for 2026-04-26
2026-04-26 10:00:10,532 INFO Pulling activity data for 2026-04-26
2026-04-26 10:00:10,665 INFO Refreshing access token...
2026-04-26 10:00:10,822 INFO Token refreshed successfully.
2026-04-26 10:00:11,467 INFO Refreshing access token...
2026-04-26 10:00:11,630 INFO Token refreshed successfully.
2026-04-26 10:00:12,224 INFO Recovery written: {'action': 'log_recovery', 'date': '2026-04-26', 'source': 'FITBIT'}
2026-04-26 10:00:12,225 INFO Pulling nutrition data for 2026-04-26
2026-04-26 10:00:12,323 INFO Refreshing access token...
2026-04-26 10:00:12,479 INFO Token refreshed successfully.
2026-04-26 10:00:13,307 INFO Nutrition written: {'action': 'log_nutrition', 'date': '2026-04-26', 'calories': 826.0, 'protein_g': 108.0}
2026-04-26 10:00:13,307 INFO === Fitbit sync (v2/SQLite) complete ===
2026-04-27 10:00:03,514 INFO === Fitbit sync (v2/SQLite) starting for 2026-04-26 ===
2026-04-27 10:00:03,516 INFO Pulling body metrics for 2026-04-26
2026-04-27 10:00:03,973 INFO Refreshing access token...
2026-04-27 10:00:04,267 INFO Token refreshed successfully.
2026-04-27 10:00:04,695 INFO Body metrics written: {'action': 'log_weight', 'date': '2026-04-26', 'weight_lbs': 175.3, 'weight_kg': 79.5, 'bmi': 27.03}
2026-04-27 10:00:04,695 INFO Pulling sleep data for 2026-04-26
2026-04-27 10:00:04,818 INFO Refreshing access token...
2026-04-27 10:00:05,007 INFO Token refreshed successfully.
2026-04-27 10:00:05,457 INFO No sleep data for 2026-04-26
2026-04-27 10:00:05,457 INFO Pulling activity data for 2026-04-26
2026-04-27 10:00:05,598 INFO Refreshing access token...
2026-04-27 10:00:05,751 INFO Token refreshed successfully.
2026-04-27 10:00:06,761 INFO Refreshing access token...
2026-04-27 10:00:06,979 INFO Token refreshed successfully.
2026-04-27 10:00:07,368 INFO Recovery written: {'action': 'log_recovery', 'date': '2026-04-26', 'source': 'FITBIT'}
2026-04-27 10:00:07,369 INFO Pulling nutrition data for 2026-04-26
2026-04-27 10:00:07,475 INFO Refreshing access token...
2026-04-27 10:00:07,698 INFO Token refreshed successfully.
2026-04-27 10:00:09,470 INFO Nutrition written: {'action': 'log_nutrition', 'date': '2026-04-26', 'calories': 1500.0, 'protein_g': 207.0}
2026-04-27 10:00:09,471 INFO === Fitbit sync (v2/SQLite) complete ===
2026-04-27 10:00:09,471 INFO === Fitbit sync (v2/SQLite) starting for 2026-04-27 ===
2026-04-27 10:00:09,471 INFO Pulling body metrics for 2026-04-27
2026-04-27 10:00:09,576 INFO Refreshing access token...
2026-04-27 10:00:09,735 INFO Token refreshed successfully.
2026-04-27 10:00:10,641 INFO Body metrics written: {'action': 'log_weight', 'date': '2026-04-27', 'weight_lbs': 173.5, 'weight_kg': 78.7, 'bmi': 26.75}
2026-04-27 10:00:10,641 INFO Pulling sleep data for 2026-04-27
2026-04-27 10:00:10,760 INFO Refreshing access token...
2026-04-27 10:00:10,949 INFO Token refreshed successfully.
2026-04-27 10:00:11,300 INFO No sleep data for 2026-04-27
2026-04-27 10:00:11,300 INFO Pulling activity data for 2026-04-27
2026-04-27 10:00:11,430 INFO Refreshing access token...
2026-04-27 10:00:11,585 INFO Token refreshed successfully.
2026-04-27 10:00:12,404 INFO Refreshing access token...
2026-04-27 10:00:12,595 INFO Token refreshed successfully.
2026-04-27 10:00:12,886 INFO Recovery written: {'action': 'log_recovery', 'date': '2026-04-27', 'source': 'FITBIT'}
2026-04-27 10:00:12,886 INFO Pulling nutrition data for 2026-04-27
2026-04-27 10:00:13,016 INFO Refreshing access token...
2026-04-27 10:00:13,186 INFO Token refreshed successfully.
2026-04-27 10:00:13,528 INFO Nutrition written: {'action': 'log_nutrition', 'date': '2026-04-27', 'calories': 120.0, 'protein_g': 2.0}
2026-04-27 10:00:13,529 INFO === Fitbit sync (v2/SQLite) complete ===
2026-04-28 10:00:01,756 INFO === Fitbit sync (v2/SQLite) starting for 2026-04-27 ===
2026-04-28 10:00:01,759 INFO Pulling body metrics for 2026-04-27
2026-04-28 10:00:02,776 INFO Body metrics written: {'action': 'log_weight', 'date': '2026-04-27', 'weight_lbs': 173.5, 'weight_kg': 78.7, 'bmi': 26.75}
2026-04-28 10:00:02,776 INFO Pulling sleep data for 2026-04-27
2026-04-28 10:00:03,310 INFO No sleep data for 2026-04-27
2026-04-28 10:00:03,310 INFO Pulling activity data for 2026-04-27
2026-04-28 10:00:04,766 INFO Recovery written: {'action': 'log_recovery', 'date': '2026-04-27', 'source': 'FITBIT'}
2026-04-28 10:00:04,766 INFO Pulling nutrition data for 2026-04-27
2026-04-28 10:00:05,868 INFO Nutrition written: {'action': 'log_nutrition', 'date': '2026-04-27', 'calories': 3632.0, 'protein_g': 168.0}
2026-04-28 10:00:05,868 INFO === Fitbit sync (v2/SQLite) complete ===
2026-04-28 10:00:05,868 INFO === Fitbit sync (v2/SQLite) starting for 2026-04-28 ===
2026-04-28 10:00:05,868 INFO Pulling body metrics for 2026-04-28
2026-04-28 10:00:06,278 INFO Body metrics written: {'action': 'log_weight', 'date': '2026-04-28', 'weight_lbs': 174.2, 'weight_kg': 79.0, 'bmi': 26.86}
2026-04-28 10:00:06,278 INFO Pulling sleep data for 2026-04-28
2026-04-28 10:00:06,764 INFO No sleep data for 2026-04-28
2026-04-28 10:00:06,765 INFO Pulling activity data for 2026-04-28
2026-04-28 10:00:08,137 INFO Recovery written: {'action': 'log_recovery', 'date': '2026-04-28', 'source': 'FITBIT'}
2026-04-28 10:00:08,137 INFO Pulling nutrition data for 2026-04-28
2026-04-28 10:00:08,589 INFO No nutrition data for 2026-04-28
2026-04-28 10:00:08,590 INFO === Fitbit sync (v2/SQLite) complete ===
2026-04-29 10:00:02,591 INFO === Fitbit sync (v2/SQLite) starting for 2026-04-28 ===
2026-04-29 10:00:02,595 INFO Pulling body metrics for 2026-04-28
2026-04-29 10:00:03,410 INFO Body metrics written: {'action': 'log_weight', 'date': '2026-04-28', 'weight_lbs': 174.2, 'weight_kg': 79.0, 'bmi': 26.86}
2026-04-29 10:00:03,411 INFO Pulling sleep data for 2026-04-28
2026-04-29 10:00:04,034 INFO No sleep data for 2026-04-28
2026-04-29 10:00:04,035 INFO Pulling activity data for 2026-04-28
2026-04-29 10:00:05,299 INFO Recovery written: {'action': 'log_recovery', 'date': '2026-04-28', 'source': 'FITBIT'}
2026-04-29 10:00:05,300 INFO Pulling nutrition data for 2026-04-28
2026-04-29 10:00:05,696 INFO Nutrition written: {'action': 'log_nutrition', 'date': '2026-04-28', 'calories': 1890.0, 'protein_g': 129.0}
2026-04-29 10:00:05,697 INFO === Fitbit sync (v2/SQLite) complete ===
2026-04-29 10:00:05,697 INFO === Fitbit sync (v2/SQLite) starting for 2026-04-29 ===
2026-04-29 10:00:05,697 INFO Pulling body metrics for 2026-04-29
2026-04-29 10:00:06,289 INFO Body metrics written: {'action': 'log_weight', 'date': '2026-04-29', 'weight_lbs': 173.5, 'weight_kg': 78.7, 'bmi': 26.75}
2026-04-29 10:00:06,289 INFO Pulling sleep data for 2026-04-29
2026-04-29 10:00:06,704 INFO No sleep data for 2026-04-29
2026-04-29 10:00:06,704 INFO Pulling activity data for 2026-04-29
2026-04-29 10:00:08,001 INFO Recovery written: {'action': 'log_recovery', 'date': '2026-04-29', 'source': 'FITBIT'}
2026-04-29 10:00:08,001 INFO Pulling nutrition data for 2026-04-29
2026-04-29 10:00:08,243 INFO Nutrition written: {'action': 'log_nutrition', 'date': '2026-04-29', 'calories': 280.0, 'protein_g': 5.0}
2026-04-29 10:00:08,244 INFO === Fitbit sync (v2/SQLite) complete ===
2026-04-30 10:00:02,347 INFO === Fitbit sync (v2/SQLite) starting for 2026-04-29 ===
2026-04-30 10:00:02,347 INFO Pulling body metrics for 2026-04-29
2026-04-30 10:00:02,780 INFO Refreshing access token...
2026-04-30 10:00:03,042 INFO Token refreshed successfully.
2026-04-30 10:00:03,610 INFO Body metrics written: {'action': 'log_weight', 'date': '2026-04-29', 'weight_lbs': 173.5, 'weight_kg': 78.7, 'bmi': 26.75}
2026-04-30 10:00:03,610 INFO Pulling sleep data for 2026-04-29
2026-04-30 10:00:03,707 INFO Refreshing access token...
2026-04-30 10:00:03,906 INFO Token refreshed successfully.
2026-04-30 10:00:04,535 INFO No sleep data for 2026-04-29
2026-04-30 10:00:04,535 INFO Pulling activity data for 2026-04-29
2026-04-30 10:00:04,636 INFO Refreshing access token...
2026-04-30 10:00:04,791 INFO Token refreshed successfully.
2026-04-30 10:00:07,105 INFO Refreshing access token...
2026-04-30 10:00:07,254 INFO Token refreshed successfully.
2026-04-30 10:00:07,864 INFO Recovery written: {'action': 'log_recovery', 'date': '2026-04-29', 'source': 'FITBIT'}
2026-04-30 10:00:07,864 INFO Pulling nutrition data for 2026-04-29
2026-04-30 10:00:07,981 INFO Refreshing access token...
2026-04-30 10:00:08,151 INFO Token refreshed successfully.
2026-04-30 10:00:08,519 INFO Nutrition written: {'action': 'log_nutrition', 'date': '2026-04-29', 'calories': 1511.0, 'protein_g': 112.0}
2026-04-30 10:00:08,519 INFO === Fitbit sync (v2/SQLite) complete ===
2026-04-30 10:00:08,519 INFO === Fitbit sync (v2/SQLite) starting for 2026-04-30 ===
2026-04-30 10:00:08,519 INFO Pulling body metrics for 2026-04-30
2026-04-30 10:00:08,678 INFO Refreshing access token...
2026-04-30 10:00:08,858 INFO Token refreshed successfully.
2026-04-30 10:00:09,444 INFO Body metrics written: {'action': 'log_weight', 'date': '2026-04-30', 'weight_lbs': 173.9, 'weight_kg': 78.9, 'bmi': 26.82}
2026-04-30 10:00:09,445 INFO Pulling sleep data for 2026-04-30
2026-04-30 10:00:09,569 INFO Refreshing access token...
2026-04-30 10:00:11,074 INFO Token refreshed successfully.
2026-04-30 10:00:11,423 INFO No sleep data for 2026-04-30
2026-04-30 10:00:11,423 INFO Pulling activity data for 2026-04-30
2026-04-30 10:00:11,523 INFO Refreshing access token...
2026-04-30 10:00:11,669 INFO Token refreshed successfully.
2026-04-30 10:00:13,128 INFO Refreshing access token...
2026-04-30 10:00:13,300 INFO Token refreshed successfully.
2026-04-30 10:00:13,700 INFO Recovery written: {'action': 'log_recovery', 'date': '2026-04-30', 'source': 'FITBIT'}
2026-04-30 10:00:13,701 INFO Pulling nutrition data for 2026-04-30
2026-04-30 10:00:13,799 INFO Refreshing access token...
2026-04-30 10:00:13,946 INFO Token refreshed successfully.
2026-04-30 10:00:14,283 INFO No nutrition data for 2026-04-30
2026-04-30 10:00:14,283 INFO === Fitbit sync (v2/SQLite) complete ===
2026-05-01 10:00:02,530 INFO === Fitbit sync (v2/SQLite) starting for 2026-04-30 ===
2026-05-01 10:00:02,533 INFO Pulling body metrics for 2026-04-30
2026-05-01 10:00:02,914 INFO Refreshing access token...
2026-05-01 10:00:03,216 INFO Token refreshed successfully.
2026-05-01 10:00:04,248 INFO Body metrics written: {'action': 'log_weight', 'date': '2026-04-30', 'weight_lbs': 173.9, 'weight_kg': 78.9, 'bmi': 26.82}
2026-05-01 10:00:04,249 INFO Pulling sleep data for 2026-04-30
2026-05-01 10:00:04,349 INFO Refreshing access token...
2026-05-01 10:00:04,502 INFO Token refreshed successfully.
2026-05-01 10:00:04,977 INFO No sleep data for 2026-04-30
2026-05-01 10:00:04,978 INFO Pulling activity data for 2026-04-30
2026-05-01 10:00:05,094 INFO Refreshing access token...
2026-05-01 10:00:05,247 INFO Token refreshed successfully.
2026-05-01 10:00:06,134 INFO Refreshing access token...
2026-05-01 10:00:06,282 INFO Token refreshed successfully.
2026-05-01 10:00:07,534 INFO Recovery written: {'action': 'log_recovery', 'date': '2026-04-30', 'source': 'FITBIT'}
2026-05-01 10:00:07,534 INFO Pulling nutrition data for 2026-04-30
2026-05-01 10:00:07,632 INFO Refreshing access token...
2026-05-01 10:00:07,803 INFO Token refreshed successfully.
2026-05-01 10:00:08,069 INFO Nutrition written: {'action': 'log_nutrition', 'date': '2026-04-30', 'calories': 1077.0, 'protein_g': 31.0}
2026-05-01 10:00:08,070 INFO === Fitbit sync (v2/SQLite) complete ===
2026-05-01 10:00:08,070 INFO === Fitbit sync (v2/SQLite) starting for 2026-05-01 ===
2026-05-01 10:00:08,070 INFO Pulling body metrics for 2026-05-01
2026-05-01 10:00:08,164 INFO Refreshing access token...
2026-05-01 10:00:08,331 INFO Token refreshed successfully.
2026-05-01 10:00:09,202 INFO Body metrics written: {'action': 'log_weight', 'date': '2026-05-01', 'weight_lbs': 174.2, 'weight_kg': 79.0, 'bmi': 26.86}
2026-05-01 10:00:09,203 INFO Pulling sleep data for 2026-05-01
2026-05-01 10:00:09,304 INFO Refreshing access token...
2026-05-01 10:00:09,458 INFO Token refreshed successfully.
2026-05-01 10:00:09,833 INFO No sleep data for 2026-05-01
2026-05-01 10:00:09,834 INFO Pulling activity data for 2026-05-01
2026-05-01 10:00:09,982 INFO Refreshing access token...
2026-05-01 10:00:10,136 INFO Token refreshed successfully.
2026-05-01 10:00:10,965 INFO Refreshing access token...
2026-05-01 10:00:11,141 INFO Token refreshed successfully.
2026-05-01 10:00:14,790 INFO Recovery written: {'action': 'log_recovery', 'date': '2026-05-01', 'source': 'FITBIT'}
2026-05-01 10:00:14,790 INFO Pulling nutrition data for 2026-05-01
2026-05-01 10:00:14,890 INFO Refreshing access token...
2026-05-01 10:00:15,034 INFO Token refreshed successfully.
2026-05-01 10:00:15,328 INFO No nutrition data for 2026-05-01
2026-05-01 10:00:15,329 INFO === Fitbit sync (v2/SQLite) complete ===
2026-05-02 10:00:02,144 INFO === Fitbit sync (v2/SQLite) starting for 2026-05-01 ===
2026-05-02 10:00:02,155 INFO Pulling body metrics for 2026-05-01
2026-05-02 10:00:02,597 INFO Refreshing access token...
2026-05-02 10:00:02,834 INFO Token refreshed successfully.
2026-05-02 10:00:03,616 INFO Body metrics written: {'action': 'log_weight', 'date': '2026-05-01', 'weight_lbs': 174.2, 'weight_kg': 79.0, 'bmi': 26.86}
2026-05-02 10:00:03,616 INFO Pulling sleep data for 2026-05-01
2026-05-02 10:00:03,789 INFO Refreshing access token...
2026-05-02 10:00:03,957 INFO Token refreshed successfully.
2026-05-02 10:00:04,491 INFO No sleep data for 2026-05-01
2026-05-02 10:00:04,491 INFO Pulling activity data for 2026-05-01
2026-05-02 10:00:04,591 INFO Refreshing access token...
2026-05-02 10:00:04,745 INFO Token refreshed successfully.
2026-05-02 10:00:05,747 INFO Refreshing access token...
2026-05-02 10:00:05,890 INFO Token refreshed successfully.
2026-05-02 10:00:06,372 INFO Recovery written: {'action': 'log_recovery', 'date': '2026-05-01', 'source': 'FITBIT'}
2026-05-02 10:00:06,373 INFO Pulling nutrition data for 2026-05-01
2026-05-02 10:00:06,475 INFO Refreshing access token...
2026-05-02 10:00:06,632 INFO Token refreshed successfully.
2026-05-02 10:00:08,508 INFO No nutrition data for 2026-05-01
2026-05-02 10:00:08,508 INFO === Fitbit sync (v2/SQLite) complete ===
2026-05-02 10:00:08,508 INFO === Fitbit sync (v2/SQLite) starting for 2026-05-02 ===
2026-05-02 10:00:08,508 INFO Pulling body metrics for 2026-05-02
2026-05-02 10:00:08,614 INFO Refreshing access token...
2026-05-02 10:00:08,759 INFO Token refreshed successfully.
2026-05-02 10:00:09,107 INFO Body metrics written: {'action': 'log_weight', 'date': '2026-05-02', 'weight_lbs': 175.0, 'weight_kg': 79.4, 'bmi': 26.99}
2026-05-02 10:00:09,108 INFO Pulling sleep data for 2026-05-02
2026-05-02 10:00:09,208 INFO Refreshing access token...
2026-05-02 10:00:09,361 INFO Token refreshed successfully.
2026-05-02 10:00:09,707 INFO No sleep data for 2026-05-02
2026-05-02 10:00:09,708 INFO Pulling activity data for 2026-05-02
2026-05-02 10:00:09,804 INFO Refreshing access token...
2026-05-02 10:00:09,977 INFO Token refreshed successfully.
2026-05-02 10:00:10,830 INFO Refreshing access token...
2026-05-02 10:00:10,977 INFO Token refreshed successfully.
2026-05-02 10:00:11,351 INFO Recovery written: {'action': 'log_recovery', 'date': '2026-05-02', 'source': 'FITBIT'}
2026-05-02 10:00:11,351 INFO Pulling nutrition data for 2026-05-02
2026-05-02 10:00:11,454 INFO Refreshing access token...
2026-05-02 10:00:11,603 INFO Token refreshed successfully.
2026-05-02 10:00:11,950 INFO Nutrition written: {'action': 'log_nutrition', 'date': '2026-05-02', 'calories': 447.0, 'protein_g': 62.0}
2026-05-02 10:00:11,950 INFO === Fitbit sync (v2/SQLite) complete ===
2026-05-03 10:00:02,210 INFO === Fitbit sync (v2/SQLite) starting for 2026-05-02 ===
2026-05-03 10:00:02,213 INFO Pulling body metrics for 2026-05-02
2026-05-03 10:00:02,622 INFO Refreshing access token...
2026-05-03 10:00:02,846 INFO Token refreshed successfully.
2026-05-03 10:00:06,220 INFO Body metrics written: {'action': 'log_weight', 'date': '2026-05-02', 'weight_lbs': 175.0, 'weight_kg': 79.4, 'bmi': 26.99}
2026-05-03 10:00:06,221 INFO Pulling sleep data for 2026-05-02
2026-05-03 10:00:06,331 INFO Refreshing access token...
2026-05-03 10:00:06,490 INFO Token refreshed successfully.
2026-05-03 10:00:06,941 INFO No sleep data for 2026-05-02
2026-05-03 10:00:06,941 INFO Pulling activity data for 2026-05-02
2026-05-03 10:00:07,038 INFO Refreshing access token...
2026-05-03 10:00:07,195 INFO Token refreshed successfully.
2026-05-03 10:00:07,943 INFO Refreshing access token...
2026-05-03 10:00:08,112 INFO Token refreshed successfully.
2026-05-03 10:00:08,538 INFO Recovery written: {'action': 'log_recovery', 'date': '2026-05-02', 'source': 'FITBIT'}
2026-05-03 10:00:08,539 INFO Pulling nutrition data for 2026-05-02
2026-05-03 10:00:08,638 INFO Refreshing access token...
2026-05-03 10:00:08,786 INFO Token refreshed successfully.
2026-05-03 10:00:12,477 INFO Nutrition written: {'action': 'log_nutrition', 'date': '2026-05-02', 'calories': 2210.0, 'protein_g': 184.0}
2026-05-03 10:00:12,477 INFO === Fitbit sync (v2/SQLite) complete ===
2026-05-03 10:00:12,478 INFO === Fitbit sync (v2/SQLite) starting for 2026-05-03 ===
2026-05-03 10:00:12,478 INFO Pulling body metrics for 2026-05-03
2026-05-03 10:00:12,572 INFO Refreshing access token...
2026-05-03 10:00:12,724 INFO Token refreshed successfully.
2026-05-03 10:00:13,353 INFO Body metrics written: {'action': 'log_weight', 'date': '2026-05-03', 'weight_lbs': 175.9, 'weight_kg': 79.8, 'bmi': 27.12}
2026-05-03 10:00:13,354 INFO Pulling sleep data for 2026-05-03
2026-05-03 10:00:13,449 INFO Refreshing access token...
2026-05-03 10:00:13,593 INFO Token refreshed successfully.
2026-05-03 10:00:14,216 INFO No sleep data for 2026-05-03
2026-05-03 10:00:14,216 INFO Pulling activity data for 2026-05-03
2026-05-03 10:00:14,337 INFO Refreshing access token...
2026-05-03 10:00:14,479 INFO Token refreshed successfully.
2026-05-03 10:00:15,562 INFO Refreshing access token...
2026-05-03 10:00:15,703 INFO Token refreshed successfully.
2026-05-03 10:00:16,035 INFO Recovery written: {'action': 'log_recovery', 'date': '2026-05-03', 'source': 'FITBIT'}
2026-05-03 10:00:16,036 INFO Pulling nutrition data for 2026-05-03
2026-05-03 10:00:16,131 INFO Refreshing access token...
2026-05-03 10:00:16,279 INFO Token refreshed successfully.
2026-05-03 10:00:16,580 INFO Nutrition written: {'action': 'log_nutrition', 'date': '2026-05-03', 'calories': 96.0, 'protein_g': 2.0}
2026-05-03 10:00:16,581 INFO === Fitbit sync (v2/SQLite) complete ===
2026-05-04 10:00:02,688 INFO === Fitbit sync (v2/SQLite) starting for 2026-05-03 ===
2026-05-04 10:00:02,689 INFO Pulling body metrics for 2026-05-03
2026-05-04 10:00:03,131 INFO Refreshing access token...
2026-05-04 10:00:03,411 INFO Token refreshed successfully.
2026-05-04 10:00:04,694 INFO Body metrics written: {'action': 'log_weight', 'date': '2026-05-03', 'weight_lbs': 175.9, 'weight_kg': 79.8, 'bmi': 27.12}
2026-05-04 10:00:04,694 INFO Pulling sleep data for 2026-05-03
2026-05-04 10:00:04,812 INFO Refreshing access token...
2026-05-04 10:00:05,015 INFO Token refreshed successfully.
2026-05-04 10:00:05,452 INFO No sleep data for 2026-05-03
2026-05-04 10:00:05,452 INFO Pulling activity data for 2026-05-03
2026-05-04 10:00:05,558 INFO Refreshing access token...
2026-05-04 10:00:05,781 INFO Token refreshed successfully.
2026-05-04 10:00:06,834 INFO Refreshing access token...
2026-05-04 10:00:06,983 INFO Token refreshed successfully.
2026-05-04 10:00:07,778 INFO Recovery written: {'action': 'log_recovery', 'date': '2026-05-03', 'source': 'FITBIT'}
2026-05-04 10:00:07,779 INFO Pulling nutrition data for 2026-05-03
2026-05-04 10:00:07,882 INFO Refreshing access token...
2026-05-04 10:00:08,027 INFO Token refreshed successfully.
2026-05-04 10:00:08,876 INFO Nutrition written: {'action': 'log_nutrition', 'date': '2026-05-03', 'calories': 2075.0, 'protein_g': 73.0}
2026-05-04 10:00:08,877 INFO === Fitbit sync (v2/SQLite) complete ===
2026-05-04 10:00:08,877 INFO === Fitbit sync (v2/SQLite) starting for 2026-05-04 ===
2026-05-04 10:00:08,877 INFO Pulling body metrics for 2026-05-04
2026-05-04 10:00:08,986 INFO Refreshing access token...
2026-05-04 10:00:09,132 INFO Token refreshed successfully.
2026-05-04 10:00:09,594 INFO Body metrics written: {'action': 'log_weight', 'date': '2026-05-04', 'weight_lbs': 175.0, 'weight_kg': 79.4, 'bmi': 26.99}
2026-05-04 10:00:09,594 INFO Pulling sleep data for 2026-05-04
2026-05-04 10:00:09,693 INFO Refreshing access token...
2026-05-04 10:00:09,850 INFO Token refreshed successfully.
2026-05-04 10:00:10,184 INFO No sleep data for 2026-05-04
2026-05-04 10:00:10,185 INFO Pulling activity data for 2026-05-04
2026-05-04 10:00:10,286 INFO Refreshing access token...
2026-05-04 10:00:10,430 INFO Token refreshed successfully.
2026-05-04 10:00:11,106 INFO Refreshing access token...
2026-05-04 10:00:11,251 INFO Token refreshed successfully.
2026-05-04 10:00:13,218 INFO Recovery written: {'action': 'log_recovery', 'date': '2026-05-04', 'source': 'FITBIT'}
2026-05-04 10:00:13,218 INFO Pulling nutrition data for 2026-05-04
2026-05-04 10:00:13,322 INFO Refreshing access token...
2026-05-04 10:00:13,466 INFO Token refreshed successfully.
2026-05-04 10:00:14,192 INFO Nutrition written: {'action': 'log_nutrition', 'date': '2026-05-04', 'calories': 733.0, 'protein_g': 16.0}
2026-05-04 10:00:14,192 INFO === Fitbit sync (v2/SQLite) complete ===
2026-05-05 10:00:02,652 INFO === Fitbit sync (v2/SQLite) starting for 2026-05-04 ===
2026-05-05 10:00:02,654 INFO Pulling body metrics for 2026-05-04
2026-05-05 10:00:03,129 INFO Refreshing access token...
2026-05-05 10:00:03,586 INFO Token refreshed successfully.
2026-05-05 10:00:04,089 INFO Body metrics written: {'action': 'log_weight', 'date': '2026-05-04', 'weight_lbs': 175.0, 'weight_kg': 79.4, 'bmi': 26.99}
2026-05-05 10:00:04,090 INFO Pulling sleep data for 2026-05-04
2026-05-05 10:00:04,194 INFO Refreshing access token...
2026-05-05 10:00:04,351 INFO Token refreshed successfully.
2026-05-05 10:00:04,847 INFO No sleep data for 2026-05-04
2026-05-05 10:00:04,847 INFO Pulling activity data for 2026-05-04
2026-05-05 10:00:05,030 INFO Refreshing access token...
2026-05-05 10:00:05,179 INFO Token refreshed successfully.
2026-05-05 10:00:05,954 INFO Refreshing access token...
2026-05-05 10:00:06,107 INFO Token refreshed successfully.
2026-05-05 10:00:10,292 INFO Recovery written: {'action': 'log_recovery', 'date': '2026-05-04', 'source': 'FITBIT'}
2026-05-05 10:00:10,292 INFO Pulling nutrition data for 2026-05-04
2026-05-05 10:00:10,408 INFO Refreshing access token...
2026-05-05 10:00:10,548 INFO Token refreshed successfully.
2026-05-05 10:00:10,906 INFO Nutrition written: {'action': 'log_nutrition', 'date': '2026-05-04', 'calories': 1032.0, 'protein_g': 28.0}
2026-05-05 10:00:10,906 INFO === Fitbit sync (v2/SQLite) complete ===
2026-05-05 10:00:10,906 INFO === Fitbit sync (v2/SQLite) starting for 2026-05-05 ===
2026-05-05 10:00:10,907 INFO Pulling body metrics for 2026-05-05
2026-05-05 10:00:11,003 INFO Refreshing access token...
2026-05-05 10:00:11,136 INFO Token refreshed successfully.
2026-05-05 10:00:11,492 INFO Body metrics written: {'action': 'log_weight', 'date': '2026-05-05', 'weight_lbs': 175.5, 'weight_kg': 79.6, 'bmi': 27.06}
2026-05-05 10:00:11,492 INFO Pulling sleep data for 2026-05-05
2026-05-05 10:00:11,598 INFO Refreshing access token...
2026-05-05 10:00:11,748 INFO Token refreshed successfully.
2026-05-05 10:00:12,642 INFO No sleep data for 2026-05-05
2026-05-05 10:00:12,643 INFO Pulling activity data for 2026-05-05
2026-05-05 10:00:12,740 INFO Refreshing access token...
2026-05-05 10:00:12,883 INFO Token refreshed successfully.
2026-05-05 10:00:13,816 INFO Refreshing access token...
2026-05-05 10:00:13,943 INFO Token refreshed successfully.
2026-05-05 10:00:15,100 INFO Recovery written: {'action': 'log_recovery', 'date': '2026-05-05', 'source': 'FITBIT'}
2026-05-05 10:00:15,100 INFO Pulling nutrition data for 2026-05-05
2026-05-05 10:00:15,199 INFO Refreshing access token...
2026-05-05 10:00:15,342 INFO Token refreshed successfully.
2026-05-05 10:00:15,647 INFO Nutrition written: {'action': 'log_nutrition', 'date': '2026-05-05', 'calories': 48.0, 'protein_g': 3.0}
2026-05-05 10:00:15,647 INFO === Fitbit sync (v2/SQLite) complete ===
2026-05-06 10:00:01,731 INFO === Fitbit sync (v2/SQLite) starting for 2026-05-05 ===
2026-05-06 10:00:01,734 INFO Pulling body metrics for 2026-05-05
2026-05-06 10:00:02,831 INFO Body metrics written: {'action': 'log_weight', 'date': '2026-05-05', 'weight_lbs': 175.5, 'weight_kg': 79.6, 'bmi': 27.06}
2026-05-06 10:00:02,831 INFO Pulling sleep data for 2026-05-05
2026-05-06 10:00:03,277 INFO No sleep data for 2026-05-05
2026-05-06 10:00:03,278 INFO Pulling activity data for 2026-05-05
2026-05-06 10:00:04,455 INFO Recovery written: {'action': 'log_recovery', 'date': '2026-05-05', 'source': 'FITBIT'}
2026-05-06 10:00:04,455 INFO Pulling nutrition data for 2026-05-05
2026-05-06 10:00:05,009 INFO Nutrition written: {'action': 'log_nutrition', 'date': '2026-05-05', 'calories': 1416.0, 'protein_g': 123.0}
2026-05-06 10:00:05,010 INFO === Fitbit sync (v2/SQLite) complete ===
2026-05-06 10:00:05,010 INFO === Fitbit sync (v2/SQLite) starting for 2026-05-06 ===
2026-05-06 10:00:05,010 INFO Pulling body metrics for 2026-05-06
2026-05-06 10:00:05,610 INFO No weight data for 2026-05-06
2026-05-06 10:00:05,610 INFO Pulling sleep data for 2026-05-06
2026-05-06 10:00:05,886 INFO No sleep data for 2026-05-06
2026-05-06 10:00:05,886 INFO Pulling activity data for 2026-05-06
2026-05-06 10:00:07,142 INFO Recovery written: {'action': 'log_recovery', 'date': '2026-05-06', 'source': 'FITBIT'}
2026-05-06 10:00:07,142 INFO Pulling nutrition data for 2026-05-06
2026-05-06 10:00:07,361 INFO No nutrition data for 2026-05-06
2026-05-06 10:00:07,361 INFO === Fitbit sync (v2/SQLite) complete ===
2026-05-07 10:00:02,704 INFO === Fitbit sync (v2/SQLite) starting for 2026-05-06 ===
2026-05-07 10:00:02,704 INFO Pulling body metrics for 2026-05-06
2026-05-07 10:00:03,234 INFO Refreshing access token...
2026-05-07 10:00:03,571 INFO Token refreshed successfully.
2026-05-07 10:00:04,585 INFO No weight data for 2026-05-06
2026-05-07 10:00:04,585 INFO Pulling sleep data for 2026-05-06
2026-05-07 10:00:04,698 INFO Refreshing access token...
2026-05-07 10:00:04,882 INFO Token refreshed successfully.
2026-05-07 10:00:05,385 INFO No sleep data for 2026-05-06
2026-05-07 10:00:05,386 INFO Pulling activity data for 2026-05-06
2026-05-07 10:00:05,495 INFO Refreshing access token...
2026-05-07 10:00:05,703 INFO Token refreshed successfully.
2026-05-07 10:00:06,463 INFO Refreshing access token...
2026-05-07 10:00:06,662 INFO Token refreshed successfully.
2026-05-07 10:00:07,075 INFO Recovery written: {'action': 'log_recovery', 'date': '2026-05-06', 'source': 'FITBIT'}
2026-05-07 10:00:07,075 INFO Pulling nutrition data for 2026-05-06
2026-05-07 10:00:07,179 INFO Refreshing access token...
2026-05-07 10:00:07,352 INFO Token refreshed successfully.
2026-05-07 10:00:07,693 INFO Nutrition written: {'action': 'log_nutrition', 'date': '2026-05-06', 'calories': 490.0, 'protein_g': 29.0}
2026-05-07 10:00:07,694 INFO === Fitbit sync (v2/SQLite) complete ===
2026-05-07 10:00:07,694 INFO === Fitbit sync (v2/SQLite) starting for 2026-05-07 ===
2026-05-07 10:00:07,694 INFO Pulling body metrics for 2026-05-07
2026-05-07 10:00:07,885 INFO Refreshing access token...
2026-05-07 10:00:08,070 INFO Token refreshed successfully.
2026-05-07 10:00:08,286 INFO No weight data for 2026-05-07
2026-05-07 10:00:08,286 INFO Pulling sleep data for 2026-05-07
2026-05-07 10:00:08,392 INFO Refreshing access token...
2026-05-07 10:00:08,674 INFO Token refreshed successfully.
2026-05-07 10:00:08,960 INFO No sleep data for 2026-05-07
2026-05-07 10:00:08,960 INFO Pulling activity data for 2026-05-07
2026-05-07 10:00:09,071 INFO Refreshing access token...
2026-05-07 10:00:09,259 INFO Token refreshed successfully.
2026-05-07 10:00:09,817 INFO Refreshing access token...
2026-05-07 10:00:09,996 INFO Token refreshed successfully.
2026-05-07 10:00:12,116 INFO Recovery written: {'action': 'log_recovery', 'date': '2026-05-07', 'source': 'FITBIT'}
2026-05-07 10:00:12,116 INFO Pulling nutrition data for 2026-05-07
2026-05-07 10:00:12,251 INFO Refreshing access token...
2026-05-07 10:00:12,441 INFO Token refreshed successfully.
2026-05-07 10:00:12,788 INFO Nutrition written: {'action': 'log_nutrition', 'date': '2026-05-07', 'calories': 200.0, 'protein_g': 6.0}
2026-05-07 10:00:12,788 INFO === Fitbit sync (v2/SQLite) complete ===
2026-05-08 10:00:02,691 INFO === Fitbit sync (v2/SQLite) starting for 2026-05-07 ===
2026-05-08 10:00:02,692 INFO Pulling body metrics for 2026-05-07
2026-05-08 10:00:03,166 INFO Refreshing access token...
2026-05-08 10:00:03,609 INFO Token refreshed successfully.
2026-05-08 10:00:03,917 INFO No weight data for 2026-05-07
2026-05-08 10:00:03,917 INFO Pulling sleep data for 2026-05-07
2026-05-08 10:00:04,022 INFO Refreshing access token...
2026-05-08 10:00:04,213 INFO Token refreshed successfully.
2026-05-08 10:00:04,662 INFO No sleep data for 2026-05-07
2026-05-08 10:00:04,665 INFO Pulling activity data for 2026-05-07
2026-05-08 10:00:04,780 INFO Refreshing access token...
2026-05-08 10:00:05,020 INFO Token refreshed successfully.
2026-05-08 10:00:05,628 INFO Refreshing access token...
2026-05-08 10:00:06,286 INFO Token refreshed successfully.
2026-05-08 10:00:08,014 INFO Recovery written: {'action': 'log_recovery', 'date': '2026-05-07', 'source': 'FITBIT'}
2026-05-08 10:00:08,015 INFO Pulling nutrition data for 2026-05-07
2026-05-08 10:00:08,117 INFO Refreshing access token...
2026-05-08 10:00:08,295 INFO Token refreshed successfully.
2026-05-08 10:00:14,265 INFO Nutrition written: {'action': 'log_nutrition', 'date': '2026-05-07', 'calories': 1876.0, 'protein_g': 163.0}
2026-05-08 10:00:14,266 INFO === Fitbit sync (v2/SQLite) complete ===
2026-05-08 10:00:14,266 INFO === Fitbit sync (v2/SQLite) starting for 2026-05-08 ===
2026-05-08 10:00:14,266 INFO Pulling body metrics for 2026-05-08
2026-05-08 10:00:16,425 INFO Refreshing access token...
2026-05-08 10:00:16,605 INFO Token refreshed successfully.
2026-05-08 10:00:17,031 INFO Body metrics written: {'action': 'log_weight', 'date': '2026-05-08', 'weight_lbs': 174.8, 'weight_kg': 79.3, 'bmi': 26.95}
2026-05-08 10:00:17,032 INFO Pulling sleep data for 2026-05-08
2026-05-08 10:00:17,135 INFO Refreshing access token...
2026-05-08 10:00:17,316 INFO Token refreshed successfully.
2026-05-08 10:00:17,611 INFO No sleep data for 2026-05-08
2026-05-08 10:00:17,611 INFO Pulling activity data for 2026-05-08
2026-05-08 10:00:17,715 INFO Refreshing access token...
2026-05-08 10:00:17,893 INFO Token refreshed successfully.
2026-05-08 10:00:18,609 INFO Refreshing access token...
2026-05-08 10:00:18,807 INFO Token refreshed successfully.
2026-05-08 10:00:19,065 INFO Recovery written: {'action': 'log_recovery', 'date': '2026-05-08', 'source': 'FITBIT'}
2026-05-08 10:00:19,065 INFO Pulling nutrition data for 2026-05-08
2026-05-08 10:00:19,164 INFO Refreshing access token...
2026-05-08 10:00:19,357 INFO Token refreshed successfully.
2026-05-08 10:00:19,631 INFO Nutrition written: {'action': 'log_nutrition', 'date': '2026-05-08', 'calories': 560.0, 'protein_g': 30.0}
2026-05-08 10:00:19,632 INFO === Fitbit sync (v2/SQLite) complete ===
2026-05-09 10:00:01,749 INFO === Fitbit sync (v2/SQLite) starting for 2026-05-08 ===
2026-05-09 10:00:01,749 INFO Pulling body metrics for 2026-05-08
2026-05-09 10:00:02,173 INFO Refreshing access token...
2026-05-09 10:00:02,438 INFO Token refreshed successfully.
2026-05-09 10:00:02,785 INFO Body metrics written: {'action': 'log_weight', 'date': '2026-05-08', 'weight_lbs': 174.8, 'weight_kg': 79.3, 'bmi': 26.95}
2026-05-09 10:00:02,785 INFO Pulling sleep data for 2026-05-08
2026-05-09 10:00:02,904 INFO Refreshing access token...
2026-05-09 10:00:03,116 INFO Token refreshed successfully.
2026-05-09 10:00:03,676 INFO No sleep data for 2026-05-08
2026-05-09 10:00:03,676 INFO Pulling activity data for 2026-05-08
2026-05-09 10:00:03,779 INFO Refreshing access token...
2026-05-09 10:00:03,979 INFO Token refreshed successfully.
2026-05-09 10:00:04,680 INFO Refreshing access token...
2026-05-09 10:00:04,870 INFO Token refreshed successfully.
2026-05-09 10:00:05,778 INFO Recovery written: {'action': 'log_recovery', 'date': '2026-05-08', 'source': 'FITBIT'}
2026-05-09 10:00:05,779 INFO Pulling nutrition data for 2026-05-08
2026-05-09 10:00:05,875 INFO Refreshing access token...
2026-05-09 10:00:06,059 INFO Token refreshed successfully.
2026-05-09 10:00:06,361 INFO Nutrition written: {'action': 'log_nutrition', 'date': '2026-05-08', 'calories': 2003.0, 'protein_g': 134.0}
2026-05-09 10:00:06,361 INFO === Fitbit sync (v2/SQLite) complete ===
2026-05-09 10:00:06,361 INFO === Fitbit sync (v2/SQLite) starting for 2026-05-09 ===
2026-05-09 10:00:06,361 INFO Pulling body metrics for 2026-05-09
2026-05-09 10:00:06,457 INFO Refreshing access token...
2026-05-09 10:00:06,634 INFO Token refreshed successfully.
2026-05-09 10:00:06,879 INFO Body metrics written: {'action': 'log_weight', 'date': '2026-05-09', 'weight_lbs': 177.5, 'weight_kg': 80.5, 'bmi': 27.37}
2026-05-09 10:00:06,879 INFO Pulling sleep data for 2026-05-09
2026-05-09 10:00:07,011 INFO Refreshing access token...
2026-05-09 10:00:07,194 INFO Token refreshed successfully.
2026-05-09 10:00:07,472 INFO No sleep data for 2026-05-09
2026-05-09 10:00:07,472 INFO Pulling activity data for 2026-05-09
2026-05-09 10:00:07,570 INFO Refreshing access token...
2026-05-09 10:00:07,738 INFO Token refreshed successfully.
2026-05-09 10:00:08,376 INFO Refreshing access token...
2026-05-09 10:00:08,566 INFO Token refreshed successfully.
2026-05-09 10:00:08,861 INFO Recovery written: {'action': 'log_recovery', 'date': '2026-05-09', 'source': 'FITBIT'}
2026-05-09 10:00:08,861 INFO Pulling nutrition data for 2026-05-09
2026-05-09 10:00:08,966 INFO Refreshing access token...
2026-05-09 10:00:09,147 INFO Token refreshed successfully.
2026-05-09 10:00:09,486 INFO Nutrition written: {'action': 'log_nutrition', 'date': '2026-05-09', 'calories': 108.0, 'protein_g': 3.0}
2026-05-09 10:00:09,486 INFO === Fitbit sync (v2/SQLite) complete ===
2026-05-10 10:00:02,695 INFO === Fitbit sync (v2/SQLite) starting for 2026-05-09 ===
2026-05-10 10:00:02,695 INFO Pulling body metrics for 2026-05-09
2026-05-10 10:00:03,220 INFO Refreshing access token...
2026-05-10 10:00:03,552 INFO Token refreshed successfully.
2026-05-10 10:00:04,099 INFO Body metrics written: {'action': 'log_weight', 'date': '2026-05-09', 'weight_lbs': 177.5, 'weight_kg': 80.5, 'bmi': 27.37}
2026-05-10 10:00:04,099 INFO Pulling sleep data for 2026-05-09
2026-05-10 10:00:04,210 INFO Refreshing access token...
2026-05-10 10:00:04,507 INFO Token refreshed successfully.
2026-05-10 10:00:05,121 INFO No sleep data for 2026-05-09
2026-05-10 10:00:05,121 INFO Pulling activity data for 2026-05-09
2026-05-10 10:00:05,222 INFO Refreshing access token...
2026-05-10 10:00:05,455 INFO Token refreshed successfully.
2026-05-10 10:00:06,133 INFO Refreshing access token...
2026-05-10 10:00:06,316 INFO Token refreshed successfully.
2026-05-10 10:00:08,496 INFO Recovery written: {'action': 'log_recovery', 'date': '2026-05-09', 'source': 'FITBIT'}
2026-05-10 10:00:08,496 INFO Pulling nutrition data for 2026-05-09
2026-05-10 10:00:08,601 INFO Refreshing access token...
2026-05-10 10:00:08,777 INFO Token refreshed successfully.
2026-05-10 10:00:09,135 INFO Nutrition written: {'action': 'log_nutrition', 'date': '2026-05-09', 'calories': 1712.0, 'protein_g': 119.0}
2026-05-10 10:00:09,135 INFO === Fitbit sync (v2/SQLite) complete ===
2026-05-10 10:00:09,136 INFO === Fitbit sync (v2/SQLite) starting for 2026-05-10 ===
2026-05-10 10:00:09,136 INFO Pulling body metrics for 2026-05-10
2026-05-10 10:00:09,239 INFO Refreshing access token...
2026-05-10 10:00:09,415 INFO Token refreshed successfully.
2026-05-10 10:00:09,731 INFO Body metrics written: {'action': 'log_weight', 'date': '2026-05-10', 'weight_lbs': 175.9, 'weight_kg': 79.8, 'bmi': 27.12}
2026-05-10 10:00:09,732 INFO Pulling sleep data for 2026-05-10
2026-05-10 10:00:09,829 INFO Refreshing access token...
2026-05-10 10:00:10,011 INFO Token refreshed successfully.
2026-05-10 10:00:10,295 INFO No sleep data for 2026-05-10
2026-05-10 10:00:10,295 INFO Pulling activity data for 2026-05-10
2026-05-10 10:00:10,408 INFO Refreshing access token...
2026-05-10 10:00:10,588 INFO Token refreshed successfully.
2026-05-10 10:00:11,159 INFO Refreshing access token...
2026-05-10 10:00:11,379 INFO Token refreshed successfully.
2026-05-10 10:00:12,978 INFO Recovery written: {'action': 'log_recovery', 'date': '2026-05-10', 'source': 'FITBIT'}
2026-05-10 10:00:12,978 INFO Pulling nutrition data for 2026-05-10
2026-05-10 10:00:13,082 INFO Refreshing access token...
2026-05-10 10:00:13,280 INFO Token refreshed successfully.
2026-05-10 10:00:14,033 INFO Nutrition written: {'action': 'log_nutrition', 'date': '2026-05-10', 'calories': 770.0, 'protein_g': 27.0}
2026-05-10 10:00:14,034 INFO === Fitbit sync (v2/SQLite) complete ===
